"phig_id","interactor_A_molecular_id","ensembl_a","taxid_species_a","organism_a","taxid_strain_a","strain_a","uniprot_matches_a","modification_a","interactor_B_molecular_id","ensembl_b","taxid_species_b","organism_b","taxid_strain_b","strain_b","uniprot_matches_b","modification_b","phenotype","disease","host_tissue","evidence_code","interaction_type","pmid","high_level_terms","interactor_A_sequence","interactor_B_sequence","buffer_col"
"PHIG:11","I1RAE5","CEF72408",5518,"Fusarium graminearum",229533,"PH-1","strain","FG00472.1delta (deletion)","CHEBI:81763","","","fludioxonil","","","","","PHIPO:0000592","","","Cell growth assay","antimicrobial_interaction",24903410,"","","",""
