uniprot,ensembl,taxid_species,taxid_strain,uniprot_matches
A0A0L0V3D9,,27350,1165861,strain
A0A0L0W290,,27350,1165861,strain
Q7X9A6,TraesARI2D03G01168670.1;TraesCAD_scaffold_092989_01G000200.1;TraesCLE_scaffold_085676_01G000200.1;TraesCS2D02G214700.1;TraesCS2D03G0451200.1;TraesJAG2D03G01159270.1;TraesJUL2D03G01159000.1;TraesKAR2D01G0132480.1;TraesLAC2B03G00896920.1;TraesLAC2D03G01104360.1;TraesLDM2D03G01153380.1;TraesMAC2D03G01151020.1;TraesNOR2D03G01168840.1;TraesPAR_scaffold_090294_01G000200.1;TraesRN2D0100482800.1;TraesROB_scaffold_090335_01G000200.1;TraesSTA2D03G01141500.1;TraesSYM2D03G01167240.1;TraesWEE_scaffold_091601_01G000200.1;,4565,,species
A0A507D1H9,,286115,,species
G4MXR2,MGG_08054T0;,318829,242507,strain
Q5NBT9,Os01t0254100-01;,4530,39947,strain
