uniprot_a,organism_a,strain_a,modification_a,uniprot_b,organism_b,strain_b,modification_b,phenotype,disease,host_tissue,evidence_code,interaction_type,pmid,high_level_terms
A0A0L0V3D9,Puccinia striiformis,CYR32,Pst_12806deltaSP(1-23) (partial amino acid deletion) [Not assayed],,Nicotiana benthamiana,Unknown strain,,PHIPO:0000182,,BTO:0000713,Macroscopic observation (qualitative observation),interspecies interaction,31804478,
A0A0L0V3D9,Puccinia striiformis,CYR32,Pst_12806deltaSP(1-23) (partial amino acid deletion) [Not assayed],,Nicotiana benthamiana,Unknown strain,,PHIPO:0001015,,BTO:0000713,Microscopy,interspecies interaction,31804478,Increased virulence
A0A0L0V3D9,Puccinia striiformis,CYR32,Pst_12806deltaSP(1-23) (partial amino acid deletion) [Not assayed],Q7X9A6,Triticum aestivum,cv. Suwon 11,PetC-TaISP+ (wild type) [Not assayed],PHIPO:0001106,,,Reporter gene assay,interspecies interaction,31804478,
A0A0L0V3D9,Puccinia striiformis,CYR31,PSTG_12806+ (wild type) [Wild type product level],Q7X9A6,Triticum aestivum,cv. Suwon 11,PetC-TaISP+ (wild type) [Not assayed],,PHIDO:0000391,BTO:0000713,,interspecies interaction,31804478,
