phig_id,uniprot_a,ensembl_a,taxid_species_a,organism_a,taxid_strain_a,strain_a,uniprot_matches_a,modification_a,uniprot_b,ensembl_b,taxid_species_b,organism_b,taxid_strain_b,strain_b,uniprot_matches_b,modification_b,phenotype,disease,host_tissue,evidence_code,interaction_type,pmid,high_level_terms,sequence_A,sequence_B,buffer_col
,A0A0L0V3D9,,27350,Puccinia striiformis,1165861,CYR32,strain,Pst_12806deltaSP(1-23) (partial amino acid deletion) [Not assayed],,,4100,Nicotiana benthamiana,,Unknown strain,none,,PHIPO:0000182,,BTO:0000713,Macroscopic observation (qualitative observation),interspecies interaction,31804478,,,,
,A0A0L0V3D9,,27350,Puccinia striiformis,1165861,CYR32,strain,Pst_12806deltaSP(1-23) (partial amino acid deletion) [Not assayed],,,4100,Nicotiana benthamiana,,Unknown strain,none,,PHIPO:0001015,,BTO:0000713,Microscopy,interspecies interaction,31804478,Increased virulence,,,
,A0A0L0V3D9,,27350,Puccinia striiformis,1165861,CYR32,strain,Pst_12806deltaSP(1-23) (partial amino acid deletion) [Not assayed],Q7X9A6,,4565,Triticum aestivum,,cv. Suwon 11,species,PetC-TaISP+ (wild type) [Not assayed],PHIPO:0001106,,,Reporter gene assay,interspecies interaction,31804478,,,,
,A0A0L0V3D9,,27350,Puccinia striiformis,1165861,CYR31,strain,PSTG_12806+ (wild type) [Wild type product level],Q7X9A6,,4565,Triticum aestivum,,cv. Suwon 11,species,PetC-TaISP+ (wild type) [Not assayed],,PHIDO:0000391,BTO:0000713,,interspecies interaction,31804478,,,,
,A0A507D1H9,,286115,Synchytrium endobioticum,,MB42,species,AvrSen1deltaSP(1-30) (partial amino acid deletion) [Not assayed],,,4113,Solanum tuberosum,,Aventra,none,,PHIPO:0000182,,BTO:0000713,Macroscopic observation (quantitative observation),gene-for-gene interaction,31246152,Effector,,,
,G4MXR2,,318829,Magnaporthe oryzae,242507,,strain,,Q5NBT9,,4530,Oryza sativa,39947,,strain,,,,,Two-hybrid,protein-protein interaction,30610168,,,,
