curation_comments,to_do,record_id,phi_molconn_id,protein_id_source,protein_id,gene_id_source,gene_id,aa_sequence,nt_sequence,sequence_strain,gene,chr_location,gene_protein_modification,modified_gene_protein_id,interacting_partners,interacting_partners_id,multiple_mutation,pathogen_id,pathogen_species,pathogen_strain_id,pathogen_strain,disease,host_description,host_id,host_species,host_strain,host_genotype,host_genotype_id,tissue,gene_function,go_annotation,database,pathway,mutant_phenotype,mating_defect,prepenetration_defect,penetration_defect,postpenetration_defect,disease_manifestation,vegetative_spores,sexual_spores,in_vitro_growth,spore_germination,essential_gene,gene_inducer,gene_inducer_id,host_target,host_target_id,interaction_phenotype,host_response,exp_technique_stable,exp_technique_transient,species_expert,entered_by,pmid,ref_source,doi,ref_detail,author_email,comments,author_reference,year,curation_details,file_name,batch_no,curation_date,curator_organization,lab,fg_mycotoxin,additionalidentifiertypeofgenelocusid,additionalgenelocusid,anti_infective_agent,anti_infective_compound,anti_infective_target_site,anti_infective_group_name,anti_infective_chemical_group,anti_infective_mode_in_planta,mode_of_action,frac_code,anti_infective_comments
ff,,Record 1,PHI:3,UniProt,P26215,EMBL,AAA79885,,,SB111,PGN1,,,,,UniProt:ABC,PHI:1; PHI:2,5017,Bipolaris zeicola,,SB111,leaf spot,monocots,4577,Zea mays,,,,colonic epithelial cell,endopolygalacturonase,GO:0004650,GO,,unaffected pathogenicity,,no,no,no,,LOWERcase,LOWERcase,LOWERcase,LOWERcase,,pectin,,,,,,gene disruption,,,MU; JA,2152162,PubMed,10.1105/tpc.2.12.1191,,,Expression during all infection stages. pathogen formerly called Cochliobolus carbonum teleomorph name,Scott-Craig et al.,1990,,,PHI-base Vers.3.3,2005-05-04,RRes,,,,,,,,,,,,,
ffi,,Record 2,PHI:7,UniProt,P22287,GenBank,CAA42824,,,race 5,AVR9,,,,,GenBank:ABC,PHI:1; PHI:2,,,,,leaf mold; leaf spot,eudicots,4081,Solanum lycopersicum,,,,lung; heart; kidney,effector protein,,,,effector (plant avirulence determinant),,,,,,,,,,,,,,,,,gene deletion; gene complementation; biochemical evidence,,,MU,1799694,PubMed,,,,,Van Kan et al.,1991,,,PHI-base Vers.3.3,2007-05-04,RRes,,,,,,,,,,,,,
ffl,,Record 3,PHI:12,UniProt,Q01886,EMBL,AAA33023,,,SB111,HTS1,,,,,,,5017,Bipolaris zeicola,,SB111,leaf spot,monocots,,Zea mays,,,,Peyer's gland,cylic peptide synthase,"GO:0009405, IMP",GO,,loss of pathogenicity,yes,yes,yes,yes,,,,,,no,,,,,,,gene disruption,,,TKB; JA,11607305,PubMed,,,,pathogen formerly called Cochliobolus carbonum teleomorph name,Panaccione et al.,1992,,,PHI-base Vers.3.3,2016-11-01,RRes,,,,,,,,,,,,,
fl fi,,Record 4,PHI:14,UniProt,P0C017,EMBL,AAB09711,,,clinical isolate,ADE2,,,,,,,5207,Cryptococcus neoformans,235443,var. grubii serotype A strain H99,cryptococcosis,nematodes,,Caenorhabditis elegans,,,,soft tissue,phosphoribosylaminoimidazole carboxylase,"GO:0009405, IMP",GO,,reduced virulence,no,no,no,no,,,,,,yes,,,,,,,gene disruption; gene complementation,,,TKB; KHK,,PubMed,10.1073/pnas.232568599,,,,Perfect et al.,,,,PHI-base Vers.3.3,2019-05-01,MC/RRes,,,,,,,,,,,,,
